__GT_Generator:lh
__extmap:w
__hash:F
__meta:G
_hash:md
_meta:Ub
_seq:Hd
active_:nd
actualEventTarget_:mh
add_BANG_:Vb
add_left:Rf
add_right:Sf
adj:pc
afn:I
aform:ff
any_printable:nh
argm:Tf
argspec:ve
arr:A
ascending_QMARK_:$c
attrs:Wb
auto_run:qc
balance_left:Uf
balance_right:Vf
base_count:Wf
bitmap:ua
bits_:Ua
blacken:Cc
blockable:Xf
boolean$:oh
buf:pa
buf_len:gf
buf_pos:bc
buffer_:Rc
cached:hf
cachedOptions_:Yf
cached_hierarchy:we
cached_seq:xe
callOnce:ye
capped:Id
cats$protocols$Context$:ph
cats$protocols$Contextual$:qh
cats$protocols$Contextual$_get_context$arity$1:Zf
cats$protocols$Monad$_mbind$arity$3:$f
cats$protocols$Monad$_mreturn$arity$2:ag
cb:bg
char$:rh
choose:sh
chunk:Lb
chunk_next:ze
ci:Ae
clauses:th
cljs$core$APersistentVector$:jf
cljs$core$Fn$:cg
cljs$core$IAssociative$:Mi
cljs$core$IAssociative$_assoc$arity$3:ja
cljs$core$IChunk$_drop_first$arity$1:kf
cljs$core$IChunkedNext$_chunked_next$arity$1:lf
cljs$core$IChunkedSeq$:Ni
cljs$core$IChunkedSeq$_chunked_first$arity$1:Be
cljs$core$IChunkedSeq$_chunked_rest$arity$1:od
cljs$core$ICollection$:Oi
cljs$core$ICollection$_conj$arity$2:ga
cljs$core$IComparable$:Sc
cljs$core$IComparable$_compare$arity$2:cc
cljs$core$ICounted$:Jd
cljs$core$ICounted$_count$arity$1:fa
cljs$core$IDeref$:Ce
cljs$core$IDeref$_deref$arity$1:rb
cljs$core$IEditableCollection$:uh
cljs$core$IEditableCollection$_as_transient$arity$1:pd
cljs$core$IEmptyableCollection$:vh
cljs$core$IEmptyableCollection$_empty$arity$1:ta
cljs$core$IEncodeClojure$:Pi
cljs$core$IEncodeClojure$_js__GT_clj$arity$2:wh
cljs$core$IEncodeJS$:xh
cljs$core$IEncodeJS$_clj__GT_js$arity$1:yh
cljs$core$IEquiv$_equiv$arity$2:Z
cljs$core$IFind$_find$arity$2:Dc
cljs$core$IFn$:Qi
cljs$core$IFn$_invoke$arity$0:o
cljs$core$IFn$_invoke$arity$1:g
cljs$core$IFn$_invoke$arity$10:Ha
cljs$core$IFn$_invoke$arity$11:Ia
cljs$core$IFn$_invoke$arity$12:Ja
cljs$core$IFn$_invoke$arity$13:Ka
cljs$core$IFn$_invoke$arity$14:La
cljs$core$IFn$_invoke$arity$15:Ma
cljs$core$IFn$_invoke$arity$16:Na
cljs$core$IFn$_invoke$arity$17:Oa
cljs$core$IFn$_invoke$arity$18:Pa
cljs$core$IFn$_invoke$arity$19:Qa
cljs$core$IFn$_invoke$arity$2:h
cljs$core$IFn$_invoke$arity$20:Ra
cljs$core$IFn$_invoke$arity$21:qd
cljs$core$IFn$_invoke$arity$22:dc
cljs$core$IFn$_invoke$arity$3:j
cljs$core$IFn$_invoke$arity$4:B
cljs$core$IFn$_invoke$arity$5:S
cljs$core$IFn$_invoke$arity$6:na
cljs$core$IFn$_invoke$arity$7:Ca
cljs$core$IFn$_invoke$arity$8:za
cljs$core$IFn$_invoke$arity$9:Sa
cljs$core$IFn$_invoke$arity$variadic:l
cljs$core$IHash$:Ri
cljs$core$IHash$_hash$arity$1:da
cljs$core$IIndexed$:De
cljs$core$IIndexed$_nth$arity$2:T
cljs$core$IIndexed$_nth$arity$3:ra
cljs$core$IIterable$:Si
cljs$core$IIterable$_iterator$arity$1:Ba
cljs$core$IKVReduce$:zh
cljs$core$IKVReduce$_kv_reduce$arity$3:Va
cljs$core$IList$:Ti
cljs$core$ILookup$:Kd
cljs$core$ILookup$_lookup$arity$2:ca
cljs$core$ILookup$_lookup$arity$3:O
cljs$core$IMap$:dg
cljs$core$IMap$_dissoc$arity$2:eb
cljs$core$IMapEntry$:Ah
cljs$core$IMapEntry$_key$arity$1:rd
cljs$core$IMapEntry$_val$arity$1:sd
cljs$core$IMeta$:td
cljs$core$IMeta$_meta$arity$1:U
cljs$core$IMultiFn$_add_method$arity$3:V
cljs$core$INamed$:eg
cljs$core$INamed$_name$arity$1:Ee
cljs$core$INamed$_namespace$arity$1:Fe
cljs$core$INext$:Ld
cljs$core$INext$_next$arity$1:Ta
cljs$core$IPending$:Ui
cljs$core$IPending$_realized_QMARK_$arity$1:Md
cljs$core$IPrintWithWriter$:qa
cljs$core$IPrintWithWriter$_pr_writer$arity$3:X
cljs$core$IRecord$:fg
cljs$core$IReduce$:Bh
cljs$core$IReduce$_reduce$arity$2:Xa
cljs$core$IReduce$_reduce$arity$3:Ya
cljs$core$IReset$_reset_BANG_$arity$2:Gb
cljs$core$IReversible$:Vi
cljs$core$IReversible$_rseq$arity$1:rc
cljs$core$ISeq$:K
cljs$core$ISeq$_first$arity$1:Da
cljs$core$ISeq$_rest$arity$1:Za
cljs$core$ISeqable$:ud
cljs$core$ISeqable$_seq$arity$1:ea
cljs$core$ISequential$:ad
cljs$core$ISet$:Wi
cljs$core$ISet$_disjoin$arity$2:gg
cljs$core$IStack$_peek$arity$1:Xb
cljs$core$IStack$_pop$arity$1:Yb
cljs$core$ISwap$_swap_BANG_$arity$2:Ge
cljs$core$ISwap$_swap_BANG_$arity$3:He
cljs$core$ISwap$_swap_BANG_$arity$4:Ie
cljs$core$ISwap$_swap_BANG_$arity$5:Je
cljs$core$ITransientAssociative$_assoc_BANG_$arity$3:vd
cljs$core$ITransientCollection$_conj_BANG_$arity$2:wd
cljs$core$ITransientCollection$_persistent_BANG_$arity$1:Nd
cljs$core$ITransientMap$_dissoc_BANG_$arity$2:mf
cljs$core$IUUID$:Ch
cljs$core$IVector$:Xi
cljs$core$IVector$_assoc_n$arity$3:Qb
cljs$core$IVolatile$_vreset_BANG_$arity$2:bd
cljs$core$IWatchable$_add_watch$arity$3:Od
cljs$core$IWatchable$_notify_watches$arity$3:Ke
cljs$core$IWatchable$_remove_watch$arity$2:Pd
cljs$core$IWithMeta$:nf
cljs$core$IWithMeta$_with_meta$arity$2:W
cljs$core$IWriter$_flush$arity$1:sc
cljs$core$IWriter$_write$arity$2:Tc
cljs$core$Inst$:Dh
cljs$core$async$impl$protocols$Buffer$add_BANG__STAR_$arity$2:hg
cljs$core$async$impl$protocols$Channel$close_BANG_$arity$1:Qd
cljs$core$async$impl$protocols$Handler$active_QMARK_$arity$1:ig
cljs$core$async$impl$protocols$Handler$blockable_QMARK_$arity$1:pf
cljs$core$async$impl$protocols$Handler$commit$arity$1:jg
cljs$core$async$impl$protocols$WritePort$put_BANG_$arity$3:qf
cljs$lang$applyTo:D
cljs$lang$ctorPrWriter:Hb
cljs$lang$ctorStr:vb
cljs$lang$maxFixedArity:C
cljs$lang$protocol_mask$partition$:Ec
cljs$lang$protocol_mask$partition0$:m
cljs$lang$protocol_mask$partition1$:N
cljs$lang$test:Y
cljs$lang$type:wb
cljs$pprint$IPrettyFlush$_ppflush$arity$1:rf
cljs$spec$alpha$Spec$:Le
cljs$spec$alpha$Spec$conform_STAR_$arity$2:Rd
cljs$spec$alpha$Spec$explain_STAR_$arity$5:Sd
cljs$spec$alpha$Spec$gen_STAR_$arity$4:Td
cljs$spec$alpha$Spec$with_gen_STAR_$arity$2:Ud
cljs$spec$alpha$Specize$specize_STAR_$arity$1:Uc
cljs$spec$alpha$Specize$specize_STAR_$arity$2:Vc
cljs$tools$reader$reader_types$IPushbackReader$unread$arity$2:Vd
cljs$tools$reader$reader_types$IndexingReader$:Yi
cljs$tools$reader$reader_types$IndexingReader$get_column_number$arity$1:Wd
cljs$tools$reader$reader_types$IndexingReader$get_file_name$arity$1:sf
cljs$tools$reader$reader_types$IndexingReader$get_line_number$arity$1:Xd
cljs$tools$reader$reader_types$Reader$peek_char$arity$1:Fc
cljs$tools$reader$reader_types$Reader$read_char$arity$1:Ea
clojure$data$xml$protocols$AsQName$qname_local$arity$1:kg
clojure$data$xml$protocols$AsQName$qname_uri$arity$1:lg
cnt:H
collision_hash:Gc
comp:Zb
completed:tf
containsKey:Yd
count_:$a
cpred_QMARK_:Me
def:ec
default_dispatch_val:Eh
demuxes_:Hc
dirty:xd
dirty_QMARK_:Wc
dirty_puts:Ne
dirty_takes:Oe
dispatch_fn:J
disposed_:uf
domain_:Zd
done_nl:xb
double$:Fh
editable_QMARK_:cd
enabled_:vf
encodedQuery_:Rb
end_pos:$
ensure_editable:Ic
errorDispatched_:wf
eventTargetListeners_:Jc
event_:$d
ext_map_iter:mg
f:ka
fail_index:gb
failure:hb
fform:Pe
fields:dd
fmap:Gh
fn:yd
fnspec:ae
for_all_STAR_:Hh
fqn:ia
fragment_:Xc
front:Ib
fseq:zd
full_listeners:fc
full_results:gc
generate:Ih
generation:ib
generator_QMARK_:Jh
generators:R
getBasis:Mb
getKeys:Kc
getListener:xf
getNamedItemNS:ng
getValues:tc
gfn:ab
grammar:Aa
hasNext:va
has_nil_QMARK_:sb
hash_map:hc
hashcode:Lc
hickory$core$HiccupRepresentable$as_hiccup$arity$1:Kh
hierarchy:Qe
i:M
ieProgId_:og
ignoreCase_:$b
in:Lh
in$:Yc
inAbort_:be
inOpen_:yf
inSend_:Re
indent:yb
inode_assoc:ic
inode_assoc_BANG_:jc
inode_find:ce
inode_lookup:ed
inode_seq:de
inode_without:ee
inode_without_BANG_:fe
instaparse$auto_flatten_seq$ConjFlat$conj_flat$arity$2:Zc
intra_block_nl:zb
isEmpty:ge
isReadOnly_:Mh
item__GT_priority:wa
iter:zf
k__GT_s:Nh
keyMap_:bb
keyfn:cb
keys_:Jb
keys__GT_specnames:Kb
keys_pred:Se
keyword:Oh
keyword_ns:Ph
kv_reduce:fd
large_integer:Qh
large_integer_STAR_:Rh
lastErrorCode_:Ad
lastError_:gd
lastFragment_:pg
lastUri_:Af
last_was_whitespace_QMARK_:he
lb:Sh
len:kc
lib_draw_graph$svg$Geom$add$arity$2:qg
logical_block:ha
logical_block_callback:Ab
loom$attr$AttrGraph$add_attr$arity$4:rg
loom$attr$AttrGraph$add_attr$arity$5:sg
loom$attr$AttrGraph$attr$arity$3:tg
loom$attr$AttrGraph$attr$arity$4:ug
loom$attr$AttrGraph$attrs$arity$2:vg
loom$attr$AttrGraph$attrs$arity$3:wg
loom$graph$Digraph$:Th
loom$graph$Digraph$predecessors_STAR_$arity$2:xg
loom$graph$Edge$dest$arity$1:ie
loom$graph$Edge$src$arity$1:je
loom$graph$EditableGraph$add_edges_STAR_$arity$2:yg
loom$graph$EditableGraph$add_nodes_STAR_$arity$2:zg
loom$graph$EditableGraph$remove_edges_STAR_$arity$2:Ag
loom$graph$EditableGraph$remove_nodes_STAR_$arity$2:Bg
loom$graph$Graph$:Uh
loom$graph$Graph$edges$arity$1:Cg
loom$graph$Graph$has_node_QMARK_$arity$2:Dg
loom$graph$Graph$nodes$arity$1:Eg
loom$graph$Graph$out_edges$arity$2:Fg
loom$graph$Graph$successors_STAR_$arity$2:Gg
loom$graph$WeightedGraph$:$i
loom$graph$WeightedGraph$weight_STAR_$arity$2:Vh
loom$graph$WeightedGraph$weight_STAR_$arity$3:Wh
m:Bf
map_:uc
map__8818:Xh
max_columns:Cf
meta10079:Yh
meta10129:Zh
meta10931:$h
meta12727:ai
meta13315:bi
meta13420:ci
meta14333:di
meta15370:ei
meta15389:fi
meta15448:gi
meta15468:hi
meta20018:ii
meta31691:ji
meta6606:ki
meta8821:li
meta8955:mi
method_cache:Te
method_table:Ue
miser_width:ni
more:lc
ms:Df
mseq:sa
msg_cache:jb
multi:oi
negative_listeners:kb
next_entry:ke
next_iter:mc
next_stack:lb
nil_val:tb
nocache_QMARK_:Hg
node_builder:mb
nodes:xa
nodeset:vc
ns:Bb
onHistoryEvent_:Ve
onProgressHandler_:Ig
onReadyStateChangeEntryPoint_:pi
onReadyStateChange_:Jg
on_dispose:Kg
on_dispose_arr:aj
on_set:ri
one_of:si
opt:Lg
opt_keys:Mg
opt_specs:Ng
opt_un:Og
orig_route:ti
output_format:wc
p__8817:ui
params:Nb
parentEventTarget_:Pg
pathPrefix_:le
path_:We
per_line_prefix:Cb
port_:Xe
pos:xc
pred:hd
pred_exprs:Qg
pred_forms:Rg
prefer_table:vi
premix_hashcode:Ye
prev_seed:Ef
priority__GT_set_of_items:fb
progressEventsEnabled_:wi
promesa$impl$proto$IPromise$_bind$arity$2:Sg
promesa$impl$proto$IPromise$_catch$arity$2:Tg
promesa$impl$proto$IPromise$_map$arity$2:Ug
promesa$impl$proto$IPromiseFactory$_promise$arity$1:Ff
promesa$impl$proto$IState$_extract$arity$1:Vg
promesa$impl$proto$IState$_pending_QMARK_$arity$1:Wg
promesa$impl$proto$IState$_rejected_QMARK_$arity$1:Xg
propagationStopped_:jd
properties:Yg
puts:Mc
queryData_:nc
quick_check:xi
ratom:Wa
rdr:Zg
re:yc
reaction:Gf
reagent$ratom$IDisposable$dispose_BANG_$arity$1:Hf
rear:Ob
record:yi
redden:me
relative_to:Sb
removed:Bd
req:$g
req_keys:ah
req_specs:bh
req_un:dh
responseType_:Ze
rest:ub
retspec:Cd
return$:zi
returnValue_:eh
rform:ne
riter:oe
root_iter:fh
s:la
s_len:gh
s_pos:Dd
sb:Ai
scheduled_QMARK_:$e
scheme_:Ed
secretary$core$IRouteMatches$route_matches$arity$2:Fd
section:Db
seed:pe
seen:If
segment:nb
seq:zc
setIgnoreCase:Jf
shuffle:Bi
sign_:Fa
simple_type_printable:Ci
sourceIter:Kf
specs:qe
splicing_QMARK_:Nc
start_col:Eb
start_pos:aa
start_production:Ac
statusCode:bj
str:Bc
string_alphanumeric:Di
success:ob
such_that:Ei
suffix:Fb
superClass_:hh
sym:kd
symbol:Fi
symbol_ns:Gi
tail:ya
takes:Gd
timeoutId_:af
timeoutInterval_:re
timeout_:ih
token:Hi
trace_QMARK_:pb
trailing_white_space:ac
transformer_:bf
transient_map:Oc
tree:Pc
tuple:Ii
typeCount_:se
type_tag:ba
udt0:Lf
unc:jh
unicode:Ji
useFragment_:te
useXhr2Timeout_:Mf
userInfo_:ue
uuid:Qc
v:ma
val:v
validator:Nf
vals:cf
vec:Pb
vec__31684:Ki
vector:Li
watches:qb
watchesArr:Of
watching:ld
window_:Tb
withCredentials_:Pf
worst_ms:Qf
worst_sid:kh
writer:Ga
xf:oc
xhrOptions_:df
xhr_:oa
xmlHttpFactory_:ef
